[01:01:52] [ServerMain/INFO]: [bootstrap] Running Java 21 (OpenJDK 64-Bit Server VM 21.0.6+7-Ubuntu-122.04.1; Ubuntu null) on Linux 6.8.0-54-generic (amd64)
[01:01:52] [ServerMain/INFO]: [bootstrap] Loading Paper 1.21.4-173-main@edda0db (2025-02-18T14:58:14Z) for Minecraft 1.21.4
[01:01:53] [ServerMain/INFO]: [PluginInitializerManager] Initializing plugins...
[01:01:53] [ServerMain/INFO]: [PluginInitializerManager] Initialized 0 plugins
[01:01:58] [ServerMain/INFO]: Environment: Environment[sessionHost=https://sessionserver.mojang.com, servicesHost=https://api.minecraftservices.com, name=PROD]
[01:02:00] [ServerMain/INFO]: Loaded 1370 recipes
[01:02:00] [ServerMain/INFO]: Loaded 1481 advancements
[01:02:00] [ServerMain/INFO]: [MCTypeRegistry] Initialising converters for DataConverter...
[01:02:01] [ServerMain/INFO]: [MCTypeRegistry] Finished initialising converters for DataConverter in 254.8ms
[01:02:01] [Server thread/INFO]: Starting minecraft server version 1.21.4
[01:02:01] [Server thread/INFO]: Loading properties
[01:02:01] [Server thread/INFO]: This server is running Paper version 1.21.4-173-main@edda0db (2025-02-18T14:58:14Z) (Implementing API version 1.21.4-R0.1-SNAPSHOT)
[01:02:01] [Server thread/INFO]: [spark] This server bundles the spark profiler. For more information please visit https://docs.papermc.io/paper/profiling
[01:02:01] [Server thread/INFO]: Server Ping Player Sample Count: 12
[01:02:01] [Server thread/INFO]: Using 4 threads for Netty based IO
[01:02:02] [Server thread/INFO]: [MoonriseCommon] Paper is using 2 worker threads, 1 I/O threads
[01:02:02] [Server thread/INFO]: [ChunkTaskScheduler] Chunk system is using population gen parallelism: true
[01:02:02] [Server thread/INFO]: Default game type: SURVIVAL
[01:02:02] [Server thread/INFO]: Generating keypair
[01:02:02] [Server thread/INFO]: Starting Minecraft server on *:45433
[01:02:02] [Server thread/INFO]: Using epoll channel type
[01:02:02] [Server thread/INFO]: Paper: Using libdeflate (Linux x86_64) compression from Velocity.
[01:02:02] [Server thread/INFO]: Paper: Using OpenSSL 3.x.x (Linux x86_64) cipher from Velocity.
[01:02:02] [Server thread/INFO]: Server permissions file permissions.yml is empty, ignoring it
[01:02:02] [Server thread/WARN]: **** SERVER IS RUNNING IN OFFLINE/INSECURE MODE!
[01:02:02] [Server thread/WARN]: The server will make no attempt to authenticate usernames. Beware.
[01:02:02] [Server thread/WARN]: While this makes the game possible to play without internet access, it also opens up the ability for hackers to connect with any username they choose.
[01:02:02] [Server thread/WARN]: To change this, set "online-mode" to "true" in the server.properties file.
[01:02:02] [Server thread/INFO]: Preparing level "world"
[01:02:03] [Server thread/INFO]: Preparing start region for dimension minecraft:overworld
[01:02:03] [Server thread/INFO]: Preparing spawn area: 0%
[01:02:04] [Server thread/INFO]: Preparing spawn area: 10%
[01:02:04] [Server thread/INFO]: Preparing spawn area: 10%
[01:02:04] [Server thread/INFO]: Time elapsed: 1246 ms
[01:02:04] [Server thread/INFO]: Preparing start region for dimension minecraft:the_nether
[01:02:04] [Server thread/INFO]: Preparing spawn area: 0%
[01:02:04] [Server thread/INFO]: Time elapsed: 180 ms
[01:02:04] [Server thread/INFO]: Preparing start region for dimension minecraft:the_end
[01:02:04] [Server thread/INFO]: Preparing spawn area: 0%
[01:02:04] [Server thread/INFO]: Time elapsed: 102 ms
[01:02:04] [Server thread/INFO]: [spark] Starting background profiler...
[01:02:05] [Server thread/INFO]: Done preparing level "world" (2.389s)
[01:02:05] [Server thread/INFO]: Running delayed init tasks
[01:02:05] [Server thread/INFO]: Done (13.461s)! For help, type "help"
[01:02:11] [User Authenticator #0/INFO]: UUID of player goos_is_life is e419831a-a7d7-36df-9f75-0c897483ccc6
[01:02:13] [Server thread/INFO]: goos_is_life joined the game
[01:02:13] [Server thread/INFO]: goos_is_life[/[2401:4900:91e6:3bcf:f015:fd76:b059:d27e]:49858] logged in with entity id 36 at ([world]1908.699999988079, 105.0, -4706.355262293297)
[01:03:02] [Server thread/INFO]: goos_is_life lost connection: Disconnected
[01:03:02] [Server thread/INFO]: goos_is_life left the game
[01:03:09] [User Authenticator #0/INFO]: UUID of player Birthstones is da43bfe3-8dc9-3394-8767-68c07a43e7a3
[01:03:10] [Server thread/INFO]: Birthstones joined the game
[01:03:10] [Server thread/INFO]: Birthstones[/[2401:4900:62f5:d393:2137:1af5:a653:ded2]:55952] logged in with entity id 275 at ([world]1903.6769023030158, 126.0, -4696.300000011921)
[01:03:23] [User Authenticator #0/INFO]: UUID of player AlphaGotReal is 5cfd37a7-8242-3793-ae4b-f32d29b5d24d
[01:03:23] [Server thread/INFO]: AlphaGotReal joined the game
[01:03:23] [Server thread/INFO]: AlphaGotReal[/[0:0:0:0:0:0:0:1]:34080] logged in with entity id 482 at ([world]1906.67102556807, 104.0, -4705.322423395296)
[01:03:28] [User Authenticator #0/INFO]: UUID of player goos_is_life is e419831a-a7d7-36df-9f75-0c897483ccc6
[01:03:29] [Server thread/INFO]: goos_is_life joined the game
[01:03:29] [Server thread/INFO]: goos_is_life[/[2401:4900:91e6:3bcf:f015:fd76:b059:d27e]:50443] logged in with entity id 493 at ([world]1895.6994970709309, 103.0, -4707.296971451045)
[01:06:48] [Server thread/INFO]: Birthstones has made the advancement [Not Today, Thank You]
[01:09:09] [Server thread/INFO]: goos_is_life was shot by Skeleton
[01:10:00] [Server thread/INFO]: AlphaGotReal issued server command: /tp goos_is_life AlphaGotReal
[01:10:00] [Server thread/INFO]: [AlphaGotReal: Teleported goos_is_life to AlphaGotReal]
[01:18:14] [Server thread/INFO]: goos_is_life has made the advancement [Sneak 100]
[01:23:56] [Server thread/INFO]: goos_is_life was doomed to fall by Warden
[01:24:59] [Server thread/INFO]: Birthstones was obliterated by a sonically-charged shriek
[01:25:13] [Server thread/INFO]: AlphaGotReal issued server command: /tp Birthstones AlphaGotReal
[01:25:13] [Server thread/INFO]: [AlphaGotReal: Teleported Birthstones to AlphaGotReal]
[01:25:20] [Server thread/INFO]: AlphaGotReal issued server command: /tp Birthstones AlphaGotReal
[01:25:20] [Server thread/INFO]: [AlphaGotReal: Teleported Birthstones to AlphaGotReal]
[01:25:26] [Server thread/INFO]: AlphaGotReal issued server command: /tp goos_is_life AlphaGotReal
[01:25:26] [Server thread/INFO]: [AlphaGotReal: Teleported goos_is_life to AlphaGotReal]
[01:26:23] [Server thread/INFO]: Birthstones was doomed to fall by Warden
[01:26:29] [Server thread/INFO]: AlphaGotReal issued server command: /tp Birthstones AlphaGotReal
[01:26:29] [Server thread/INFO]: [AlphaGotReal: Teleported Birthstones to AlphaGotReal]
[01:26:32] [Server thread/INFO]: AlphaGotReal issued server command: /tp Birthstones AlphaGotReal
[01:26:32] [Server thread/INFO]: [AlphaGotReal: Teleported Birthstones to AlphaGotReal]
[01:26:48] [Server thread/INFO]: goos_is_life was obliterated by a sonically-charged shriek
[01:26:52] [Server thread/INFO]: AlphaGotReal issued server command: /tp goos_is_life AlphaGotReal
[01:26:52] [Server thread/INFO]: [AlphaGotReal: Teleported goos_is_life to AlphaGotReal]
[01:26:53] [Server thread/INFO]: AlphaGotReal issued server command: /tp goos_is_life AlphaGotReal
[01:26:53] [Server thread/INFO]: [AlphaGotReal: Teleported goos_is_life to AlphaGotReal]
[01:27:24] [Server thread/INFO]: goos_is_life was doomed to fall by Warden
[01:27:30] [Server thread/INFO]: AlphaGotReal issued server command: /tp goos_is_life AlphaGotReal
[01:27:30] [Server thread/INFO]: [AlphaGotReal: Teleported goos_is_life to AlphaGotReal]
[01:28:03] [Server thread/INFO]: goos_is_life was doomed to fall by Warden
[01:28:08] [Server thread/INFO]: AlphaGotReal issued server command: /tp goos_is_life AlphaGotReal
[01:28:08] [Server thread/INFO]: [AlphaGotReal: Teleported goos_is_life to AlphaGotReal]
[01:28:45] [Server thread/INFO]: goos_is_life was doomed to fall by Warden
[01:28:56] [Server thread/INFO]: AlphaGotReal issued server command: /tp goos_is_life AlphaGotReal
[01:28:56] [Server thread/INFO]: [AlphaGotReal: Teleported goos_is_life to AlphaGotReal]
[01:29:26] [Server thread/INFO]: Birthstones was doomed to fall by Warden
[01:29:35] [Server thread/INFO]: AlphaGotReal issued server command: /tp Birthstones AlphaGotReal
[01:29:35] [Server thread/INFO]: [AlphaGotReal: Teleported Birthstones to AlphaGotReal]
[01:30:09] [Server thread/INFO]: goos_is_life was doomed to fall by Skeleton
[01:34:48] [Server thread/INFO]: goos_is_life froze to death
[01:35:01] [Server thread/INFO]: AlphaGotReal issued server command: /tp goos_is_life AlphaGotReal
[01:35:01] [Server thread/INFO]: [AlphaGotReal: Teleported goos_is_life to AlphaGotReal]
[01:35:45] [Server thread/INFO]: goos_is_life was doomed to fall by Warden
[01:35:51] [Server thread/INFO]: AlphaGotReal issued server command: /tp Birthstones AlphaGotReal
[01:35:51] [Server thread/INFO]: [AlphaGotReal: Teleported Birthstones to AlphaGotReal]
[01:35:55] [Server thread/INFO]: AlphaGotReal issued server command: /tp goos_is_life AlphaGotReal
[01:35:55] [Server thread/INFO]: [AlphaGotReal: Teleported goos_is_life to AlphaGotReal]
[01:41:14] [Server thread/INFO]: Birthstones was obliterated by a sonically-charged shriek
[01:41:21] [Server thread/INFO]: AlphaGotReal issued server command: /tp Birthstones AlphaGotReal
[01:41:21] [Server thread/INFO]: [AlphaGotReal: Teleported Birthstones to AlphaGotReal]
[01:42:14] [Server thread/INFO]: Birthstones was slain by Warden
[01:42:22] [Server thread/INFO]: Birthstones issued server command: /tp Birthstones goos_is_life
[01:42:22] [Server thread/INFO]: [Birthstones: Teleported Birthstones to goos_is_life]
[01:42:23] [Server thread/INFO]: AlphaGotReal issued server command: /tp Birthstones AlphaGotReal
[01:42:23] [Server thread/INFO]: [AlphaGotReal: Teleported Birthstones to AlphaGotReal]
[01:42:41] [Server thread/INFO]: AlphaGotReal was slain by Warden
[01:42:58] [Server thread/INFO]: AlphaGotReal issued server command: /tp AlphaGotReal Birthstones
[01:42:58] [Server thread/INFO]: [AlphaGotReal: Teleported AlphaGotReal to Birthstones]
[01:44:37] [Server thread/INFO]: goos_is_life was obliterated by a sonically-charged shriek
[01:44:42] [Server thread/INFO]: AlphaGotReal issued server command: /tp goos_is_life AlphaGotReal
[01:44:42] [Server thread/INFO]: [AlphaGotReal: Teleported goos_is_life to AlphaGotReal]
[01:44:54] [Server thread/INFO]: AlphaGotReal issued server command: /tp goos_is_life AlphaGotReal
[01:44:54] [Server thread/INFO]: [AlphaGotReal: Teleported goos_is_life to AlphaGotReal]
[01:45:45] [Server thread/INFO]: AlphaGotReal fell from a high place
[01:46:06] [Server thread/INFO]: goos_is_life was obliterated by a sonically-charged shriek
[01:47:57] [Server thread/INFO]: goos_is_life was obliterated by a sonically-charged shriek
[01:49:23] [Server thread/INFO]: Birthstones was obliterated by a sonically-charged shriek
[01:49:28] [Server thread/INFO]: AlphaGotReal issued server command: /tp Birthstones AlphaGotReal
[01:49:28] [Server thread/INFO]: [AlphaGotReal: Teleported Birthstones to AlphaGotReal]
[01:49:45] [Server thread/INFO]: AlphaGotReal was obliterated by a sonically-charged shriek
[01:50:12] [Server thread/INFO]: Birthstones was obliterated by a sonically-charged shriek
[01:50:19] [Server thread/INFO]: AlphaGotReal issued server command: /tp Birthstones AlphaGotReal
[01:50:19] [Server thread/INFO]: [AlphaGotReal: Teleported Birthstones to AlphaGotReal]
[01:50:27] [Server thread/INFO]: Birthstones issued server command: /tp Birthstones AlphaGotReal
[01:50:27] [Server thread/INFO]: [Birthstones: Teleported Birthstones to AlphaGotReal]
[01:52:22] [Server thread/INFO]: Birthstones was obliterated by a sonically-charged shriek
[01:53:30] [Server thread/INFO]: AlphaGotReal issued server command: /tp Birthstones AlphaGotReal
[01:53:30] [Server thread/INFO]: [AlphaGotReal: Teleported Birthstones to AlphaGotReal]
[01:53:33] [Server thread/INFO]: AlphaGotReal was obliterated by a sonically-charged shriek
[01:53:36] [Server thread/INFO]: AlphaGotReal issued server command: /tp Birthstones AlphaGotReal
[01:53:36] [Server thread/INFO]: [AlphaGotReal: Teleported Birthstones to AlphaGotReal]
[01:54:07] [Server thread/INFO]: Birthstones fell from a high place
[01:56:04] [Server thread/INFO]: goos_is_life was blown up by Creeper
[01:56:11] [Server thread/INFO]: AlphaGotReal issued server command: /tp goos_is_life AlphaGotReal
[01:56:11] [Server thread/INFO]: [AlphaGotReal: Teleported goos_is_life to AlphaGotReal]
[01:56:45] [Server thread/INFO]: AlphaGotReal issued server command: /tp Birthstones AlphaGotReal
[01:56:45] [Server thread/INFO]: [AlphaGotReal: Teleported Birthstones to AlphaGotReal]
[01:59:32] [Server thread/INFO]: goos_is_life hit the ground too hard
[01:59:54] [Server thread/INFO]: AlphaGotReal fell from a high place
[02:01:40] [Server thread/INFO]: Birthstones was slain by goos_is_life
[02:01:53] [Server thread/INFO]: Birthstones issued server command: /tp Birthstones goos_is_life
[02:01:53] [Server thread/INFO]: [Birthstones: Teleported Birthstones to goos_is_life]
[02:03:17] [Server thread/INFO]: Birthstones issued server command: /gamerule keepInventory true
[02:03:17] [Server thread/INFO]: [Birthstones: Gamerule keepInventory is now set to: true]
[02:03:19] [Server thread/INFO]: Birthstones issued server command: /gamerule keepInventory false
[02:03:19] [Server thread/INFO]: [Birthstones: Gamerule keepInventory is now set to: false]
[02:05:27] [Server thread/INFO]: Birthstones issued server command: /kill
[02:05:27] [Server thread/INFO]: Birthstones was killed
[02:05:27] [Server thread/INFO]: [Birthstones: Killed Birthstones]
[02:06:13] [Server thread/INFO]: goos_is_life fell from a high place
[02:06:59] [Server thread/INFO]: AlphaGotReal issued server command: /tp @a Birthstones
[02:06:59] [Server thread/INFO]: [AlphaGotReal: Teleported 3 entities to Birthstones]
[02:07:06] [Server thread/INFO]: goos_is_life issued server command: /tel
[02:07:17] [Server thread/INFO]: goos_is_life issued server command: /teleporrttttt
[02:08:32] [Server thread/INFO]: goos_is_life was slain by Iron Golem
[02:10:04] [Server thread/INFO]: Birthstones lost connection: Disconnected
[02:10:04] [Server thread/INFO]: Birthstones left the game
[02:12:32] [Server thread/INFO]: goos_is_life hit the ground too hard
[02:12:51] [Server thread/INFO]: goos_is_life lost connection: Disconnected
[02:12:51] [Server thread/INFO]: goos_is_life left the game
[02:23:54] [User Authenticator #1/INFO]: UUID of player Birthstones is da43bfe3-8dc9-3394-8767-68c07a43e7a3
[02:23:55] [Server thread/INFO]: Birthstones joined the game
[02:23:55] [Server thread/INFO]: Birthstones[/[2401:4900:62f5:d393:2137:1af5:a653:ded2]:57639] logged in with entity id 15454 at ([world]1326.9968656899525, 95.0, -5134.491650544454)
[02:24:10] [Async Chat Thread - #0/INFO]: [Not Secure] <Birthstones> 1326 -5134
[02:24:25] [Server thread/INFO]: Birthstones issued server command: /gamma
[02:24:45] [Server thread/INFO]: Birthstones lost connection: Disconnected
[02:24:45] [Server thread/INFO]: Birthstones left the game
[02:26:00] [User Authenticator #2/INFO]: UUID of player Birthstones is da43bfe3-8dc9-3394-8767-68c07a43e7a3
[02:26:01] [Server thread/INFO]: Birthstones joined the game
[02:26:01] [Server thread/INFO]: Birthstones[/[2401:4900:62f5:d393:2137:1af5:a653:ded2]:57856] logged in with entity id 15877 at ([world]1326.9445917183336, 95.0, -5134.289069013745)
[02:27:44] [Server thread/INFO]: Birthstones lost connection: Disconnected
[02:27:44] [Server thread/INFO]: Birthstones left the game
[02:29:46] [User Authenticator #3/INFO]: UUID of player Birthstones is da43bfe3-8dc9-3394-8767-68c07a43e7a3
[02:29:49] [Server thread/INFO]: Birthstones joined the game
[02:29:49] [Server thread/INFO]: Birthstones[/[2401:4900:62f5:d393:2137:1af5:a653:ded2]:58269] logged in with entity id 16643 at ([world]1339.2383377309202, 92.9375, -5102.300000011921)
[03:14:41] [Server thread/INFO]: Birthstones has made the advancement [Hot Stuff]
[03:19:24] [Server thread/INFO]: Birthstones lost connection: Disconnected
[03:19:24] [Server thread/INFO]: Birthstones left the game
[03:19:25] [Server thread/INFO]: AlphaGotReal lost connection: Disconnected
[03:19:25] [Server thread/INFO]: AlphaGotReal left the game
[03:19:38] [Server thread/INFO]: Stopping the server
[03:19:38] [Server thread/INFO]: Stopping server
[03:19:38] [Server thread/INFO]: Saving players
[03:19:38] [Server thread/INFO]: Saving worlds
[03:19:38] [Server thread/INFO]: Saving chunks for level 'ServerLevel[world]'/minecraft:overworld
[03:19:38] [Server thread/INFO]: [ChunkHolderManager] Waiting 60s for chunk system to halt for world 'world'
[03:19:38] [Server thread/INFO]: [ChunkHolderManager] Halted chunk system for world 'world'
[03:19:38] [Server thread/INFO]: [ChunkHolderManager] Saving all chunkholders for world 'world'
[03:19:38] [Server thread/INFO]: [ChunkHolderManager] Saved 11 block chunks, 173 entity chunks, 1 poi chunks in world 'world' in 0.03s
[03:19:38] [Server thread/INFO]: [ChunkHolderManager] Waiting 60s for chunk I/O to halt for world 'world'
[03:19:38] [Server thread/INFO]: [ChunkHolderManager] Halted I/O scheduler for world 'world'
[03:19:38] [Server thread/INFO]: Saving chunks for level 'ServerLevel[world_nether]'/minecraft:the_nether
[03:19:38] [Server thread/INFO]: [ChunkHolderManager] Waiting 60s for chunk system to halt for world 'world_nether'
[03:19:38] [Server thread/INFO]: [ChunkHolderManager] Halted chunk system for world 'world_nether'
[03:19:38] [Server thread/INFO]: [ChunkHolderManager] Saving all chunkholders for world 'world_nether'
[03:19:38] [Server thread/INFO]: [ChunkHolderManager] Saved 1 block chunks, 1 entity chunks, 0 poi chunks in world 'world_nether' in 0.00s
[03:19:38] [Server thread/INFO]: [ChunkHolderManager] Waiting 60s for chunk I/O to halt for world 'world_nether'
[03:19:38] [Server thread/INFO]: [ChunkHolderManager] Halted I/O scheduler for world 'world_nether'
[03:19:38] [Server thread/INFO]: Saving chunks for level 'ServerLevel[world_the_end]'/minecraft:the_end
[03:19:38] [Server thread/INFO]: [ChunkHolderManager] Waiting 60s for chunk system to halt for world 'world_the_end'
[03:19:38] [Server thread/INFO]: [ChunkHolderManager] Halted chunk system for world 'world_the_end'
[03:19:38] [Server thread/INFO]: [ChunkHolderManager] Saving all chunkholders for world 'world_the_end'
[03:19:38] [Server thread/INFO]: [ChunkHolderManager] Saved 0 block chunks, 10 entity chunks, 0 poi chunks in world 'world_the_end' in 0.00s
[03:19:38] [Server thread/INFO]: [ChunkHolderManager] Waiting 60s for chunk I/O to halt for world 'world_the_end'
[03:19:38] [Server thread/INFO]: [ChunkHolderManager] Halted I/O scheduler for world 'world_the_end'
[03:19:38] [Server thread/INFO]: ThreadedAnvilChunkStorage (world): All chunks are saved
[03:19:38] [Server thread/INFO]: ThreadedAnvilChunkStorage (DIM-1): All chunks are saved
[03:19:38] [Server thread/INFO]: ThreadedAnvilChunkStorage (DIM1): All chunks are saved
[03:19:38] [Server thread/INFO]: ThreadedAnvilChunkStorage: All dimensions are saved
[03:19:38] [Server thread/INFO]: Waiting for I/O tasks to complete...
[03:19:38] [Server thread/INFO]: All I/O tasks to complete
[03:19:38] [Server thread/INFO]: [MoonriseCommon] Awaiting termination of worker pool for up to 60s...
[03:19:38] [Server thread/INFO]: [MoonriseCommon] Awaiting termination of I/O pool for up to 60s...
